BL51 BANKED LINKER/LOCATER V6.22.4.0                                                    09/02/2026  17:42:50  PAGE 1


BL51 BANKED LINKER/LOCATER V6.22.4.0, INVOKED BY:
C:\USERS\35061\APPDATA\LOCAL\KEIL_V5\C51\BIN\BL51.EXE .\Objects\bootloader.obj TO .\Objects\Bootloader PRINT (.\Listings
>> \Bootloader.m51) RAMSIZE (256) CODE (0X1C00-0X1FFF)


MEMORY MODEL: SMALL


INPUT MODULES INCLUDED:
  .\Objects\bootloader.obj (BOOTLOADER)
  C:\USERS\35061\APPDATA\LOCAL\KEIL_V5\C51\LIB\C51S.LIB (?C_STARTUP)
  C:\USERS\35061\APPDATA\LOCAL\KEIL_V5\C51\LIB\C51S.LIB (?C?SLCMP)


LINK MAP OF MODULE:  .\Objects\Bootloader (BOOTLOADER)


            TYPE    BASE      LENGTH    RELOCATION   SEGMENT NAME
            -----------------------------------------------------

            * * * * * * *   D A T A   M E M O R Y   * * * * * * *
            REG     0000H     0008H     ABSOLUTE     "REG BANK 0"
            DATA    0008H     0002H     UNIT         _DATA_GROUP_
            IDATA   000AH     0001H     UNIT         ?STACK

            * * * * * * *   C O D E   M E M O R Y   * * * * * * *
            CODE    0000H     0003H     ABSOLUTE     
                    0003H     1BFDH                  *** GAP ***
            CODE    1C00H     0091H     UNIT         ?PR?MAIN?BOOTLOADER
            CODE    1C91H     0016H     UNIT         ?C?LIB_CODE
            CODE    1CA7H     000CH     UNIT         ?C_C51STARTUP



OVERLAY MAP OF MODULE:   .\Objects\Bootloader (BOOTLOADER)


SEGMENT                          DATA_GROUP 
  +--> CALLED SEGMENT          START    LENGTH
----------------------------------------------
?C_C51STARTUP                  -----    -----
  +--> ?PR?MAIN?BOOTLOADER

?PR?MAIN?BOOTLOADER            0008H    0002H



SYMBOL TABLE OF MODULE:  .\Objects\Bootloader (BOOTLOADER)

  VALUE           TYPE          NAME
  ----------------------------------

  -------         MODULE        BOOTLOADER
  C:0000H         SYMBOL        _ICE_DUMMY_
  D:00B2H         PUBLIC        P3M0
  D:00B1H         PUBLIC        P3M1
  D:00A0H         PUBLIC        P2
  D:00B0H         PUBLIC        P3
BL51 BANKED LINKER/LOCATER V6.22.4.0                                                  09/02/2026  17:42:50  PAGE 2


  D:00A2H         PUBLIC        P_SW1
  D:00A8H         PUBLIC        IE
  D:008FH         PUBLIC        INTCLKO
  B:00A8H.4       PUBLIC        ES
  D:00B8H         PUBLIC        IP
  B:0098H.1       PUBLIC        TI
  B:00B8H.4       PUBLIC        PS
  C:1C00H         PUBLIC        main
  D:0099H         PUBLIC        SBUF
  D:0098H         PUBLIC        SCON
  D:0089H         PUBLIC        TMOD
  D:0088H         PUBLIC        TCON
  D:008EH         PUBLIC        AUXR
  B:00A8H.3       PUBLIC        ET1
  D:008DH         PUBLIC        TH1
  D:008BH         PUBLIC        TL1
  B:0088H.6       PUBLIC        TR1
  D:00B7H         PUBLIC        IPH
  B:0098H.4       PUBLIC        REN
  -------         PROC          MAIN
  -------         DO            
  D:0008H         SYMBOL        i
  -------         ENDDO         
  -------         DO            
  D:0008H         SYMBOL        j
  -------         ENDDO         
  C:1C00H         LINE#         22
  C:1C00H         LINE#         23
  C:1C03H         LINE#         25
  C:1C06H         LINE#         26
  C:1C09H         LINE#         29
  C:1C11H         LINE#         30
  C:1C13H         LINE#         33
  C:1C15H         LINE#         34
  C:1C18H         LINE#         35
  C:1C1BH         LINE#         36
  C:1C1EH         LINE#         37
  C:1C21H         LINE#         43
  C:1C24H         LINE#         44
  C:1C27H         LINE#         45
  C:1C29H         LINE#         46
  C:1C2CH         LINE#         47
  C:1C2FH         LINE#         48
  C:1C31H         LINE#         50
  C:1C33H         LINE#         51
  C:1C36H         LINE#         52
  C:1C38H         LINE#         55
  C:1C3BH         LINE#         58
  C:1C5DH         LINE#         61
  C:1C65H         LINE#         64
  C:1C65H         LINE#         65
  C:1C87H         LINE#         66
  C:1C8AH         LINE#         67
  C:1C8DH         LINE#         68
  C:1C8FH         LINE#         69
  -------         ENDPROC       MAIN
  -------         ENDMOD        BOOTLOADER
BL51 BANKED LINKER/LOCATER V6.22.4.0                                                  09/02/2026  17:42:50  PAGE 3



  -------         MODULE        ?C?SLCMP
  C:1C91H         PUBLIC        ?C?SLCMP
  -------         ENDMOD        ?C?SLCMP

Program Size: data=11.0 xdata=0 code=182
LINK/LOCATE RUN COMPLETE.  0 WARNING(S),  0 ERROR(S)
